// Jest Snapshot v1, https://goo.gl/fbAQLP

exports[`Weather Components Weather component should match snapshots when state changes 1`] = `
<Weather>
  <div>
    <LatLong
      onPass={[Function]}
    >
      <div />
    </LatLong>
    <DisplayTemp
      Country="AU"
      Lat={-33.9139319}
      Long={151.2423863}
      Name="Randwick"
      Sunrise=""
      Sunset=""
      Temp="Loading"
      TempMax=""
      TempMin=""
      Weather={Object {}}
    >
      <div
        className="loading"
      >
        Loading Your Local Weather...
      </div>
    </DisplayTemp>
  </div>
</Weather>
`;
